Instruction files OK
[progress] theta=0.65 category=explicit_unambiguous id=eu_01 trial=1/1
[progress] theta=0.65 category=explicit_unambiguous id=eu_02 trial=1/1
[progress] theta=0.65 category=explicit_unambiguous id=eu_03 trial=1/1
[progress] theta=0.65 category=explicit_unambiguous id=eu_04 trial=1/1
[progress] theta=0.65 category=explicit_unambiguous id=eu_05 trial=1/1
[progress] theta=0.65 category=explicit_unambiguous id=eu_06 trial=1/1
[progress] theta=0.65 category=explicit_unambiguous id=eu_07 trial=1/1
[progress] theta=0.7 category=explicit_unambiguous id=eu_01 trial=1/1
[progress] theta=0.7 category=explicit_unambiguous id=eu_02 trial=1/1
[progress] theta=0.7 category=explicit_unambiguous id=eu_03 trial=1/1
[progress] theta=0.7 category=explicit_unambiguous id=eu_04 trial=1/1
[progress] theta=0.7 category=explicit_unambiguous id=eu_05 trial=1/1
[progress] theta=0.7 category=explicit_unambiguous id=eu_06 trial=1/1
[progress] theta=0.7 category=explicit_unambiguous id=eu_07 trial=1/1
[progress] theta=0.75 category=explicit_unambiguous id=eu_01 trial=1/1
[progress] theta=0.75 category=explicit_unambiguous id=eu_02 trial=1/1
[progress] theta=0.75 category=explicit_unambiguous id=eu_03 trial=1/1
[progress] theta=0.75 category=explicit_unambiguous id=eu_04 trial=1/1
[progress] theta=0.75 category=explicit_unambiguous id=eu_05 trial=1/1
[progress] theta=0.75 category=explicit_unambiguous id=eu_06 trial=1/1
[progress] theta=0.75 category=explicit_unambiguous id=eu_07 trial=1/1
[progress] theta=0.8 category=explicit_unambiguous id=eu_01 trial=1/1
[progress] theta=0.8 category=explicit_unambiguous id=eu_02 trial=1/1
[progress] theta=0.8 category=explicit_unambiguous id=eu_03 trial=1/1
[progress] theta=0.8 category=explicit_unambiguous id=eu_04 trial=1/1
[progress] theta=0.8 category=explicit_unambiguous id=eu_05 trial=1/1
[progress] theta=0.8 category=explicit_unambiguous id=eu_06 trial=1/1
[progress] theta=0.8 category=explicit_unambiguous id=eu_07 trial=1/1
[progress] theta=0.85 category=explicit_unambiguous id=eu_01 trial=1/1
[progress] theta=0.85 category=explicit_unambiguous id=eu_02 trial=1/1
[progress] theta=0.85 category=explicit_unambiguous id=eu_03 trial=1/1
[progress] theta=0.85 category=explicit_unambiguous id=eu_04 trial=1/1
[progress] theta=0.85 category=explicit_unambiguous id=eu_05 trial=1/1
[progress] theta=0.85 category=explicit_unambiguous id=eu_06 trial=1/1
[progress] theta=0.85 category=explicit_unambiguous id=eu_07 trial=1/1
Saved plot to scripts/experiments/theta/results/threshold_sweep_explicit_unambiguous.png
Best theta: 0.75
Overall success rate: 1.0
Trade-off: higher theta keeps fewer relations (lower avg relations per object/keyword), which can reduce noise but may hurt recall; lower theta keeps more relations, which can improve recall but may add noise.
