Instruction files OK
Prefetch summary
Total unique terms: 90
Loaded as API: https://cstr-conceptnet-normalized.hf.space
[ConceptNet] fetched: en:about:CapableOf,HasProperty,IsA,MadeOf,PartOf,RelatedTo,UsedFor (triples=14)
[ConceptNet] cache hit: en:according:CapableOf,HasProperty,IsA,MadeOf,PartOf,RelatedTo,UsedFor
[ConceptNet] fetched: en:amaranth:CapableOf,HasProperty,IsA,MadeOf,PartOf,RelatedTo,UsedFor (triples=8)
[ConceptNet] fetched: en:amatoxin plant:CapableOf,HasProperty,IsA,MadeOf,PartOf,RelatedTo,UsedFor (triples=0)
[ConceptNet] fetched: en:animals:CapableOf,HasProperty,IsA,MadeOf,PartOf,RelatedTo,UsedFor (triples=44)
[ConceptNet] cache hit: en:area:CapableOf,HasProperty,IsA,MadeOf,PartOf,RelatedTo,UsedFor
[ConceptNet] fetched: en:barium chloride:CapableOf,HasProperty,IsA,MadeOf,PartOf,RelatedTo,UsedFor (triples=3)
[ConceptNet] fetched: en:basil:CapableOf,HasProperty,IsA,MadeOf,PartOf,RelatedTo,UsedFor (triples=12)
[ConceptNet] cache hit: en:basket:CapableOf,HasProperty,IsA,MadeOf,PartOf,RelatedTo,UsedFor
[ConceptNet] cache hit: en:baskets:CapableOf,HasProperty,IsA,MadeOf,PartOf,RelatedTo,UsedFor
[ConceptNet] fetched: en:black widow spider:CapableOf,HasProperty,IsA,MadeOf,PartOf,RelatedTo,UsedFor (triples=1)
[ConceptNet] fetched: en:boomslang:CapableOf,HasProperty,IsA,MadeOf,PartOf,RelatedTo,UsedFor (triples=1)
[ConceptNet] fetched: en:brown recluse spider:CapableOf,HasProperty,IsA,MadeOf,PartOf,RelatedTo,UsedFor (triples=2)
[ConceptNet] cache hit: en:checked:CapableOf,HasProperty,IsA,MadeOf,PartOf,RelatedTo,UsedFor
[ConceptNet] fetched: en:checking:CapableOf,HasProperty,IsA,MadeOf,PartOf,RelatedTo,UsedFor (triples=7)
[ConceptNet] fetched: en:clearly:CapableOf,HasProperty,IsA,MadeOf,PartOf,RelatedTo,UsedFor (triples=7)
[ConceptNet] fetched: en:collect:CapableOf,HasProperty,IsA,MadeOf,PartOf,RelatedTo,UsedFor (triples=8)
[ConceptNet] cache hit: en:container:CapableOf,HasProperty,IsA,MadeOf,PartOf,RelatedTo,UsedFor
[ConceptNet] fetched: en:containers:CapableOf,HasProperty,IsA,MadeOf,PartOf,RelatedTo,UsedFor (triples=14)
[ConceptNet] cache hit: en:correct:CapableOf,HasProperty,IsA,MadeOf,PartOf,RelatedTo,UsedFor
[ConceptNet] fetched: en:daffodil:CapableOf,HasProperty,IsA,MadeOf,PartOf,RelatedTo,UsedFor (triples=15)
[ConceptNet] fetched: en:death cap mushroom:CapableOf,HasProperty,IsA,MadeOf,PartOf,RelatedTo,UsedFor (triples=0)
[ConceptNet] fetched: en:deer:CapableOf,HasProperty,IsA,MadeOf,PartOf,RelatedTo,UsedFor (triples=27)
[ConceptNet] fetched: en:diazomethane:CapableOf,HasProperty,IsA,MadeOf,PartOf,RelatedTo,UsedFor (triples=5)
[ConceptNet] cache hit: en:doubt:CapableOf,HasProperty,IsA,MadeOf,PartOf,RelatedTo,UsedFor
[ConceptNet] fetched: en:doubtful:CapableOf,HasProperty,IsA,MadeOf,PartOf,RelatedTo,UsedFor (triples=7)
[ConceptNet] fetched: en:ethanol:CapableOf,HasProperty,IsA,MadeOf,PartOf,RelatedTo,UsedFor (triples=19)
[ConceptNet] fetched: en:fox:CapableOf,HasProperty,IsA,MadeOf,PartOf,RelatedTo,UsedFor (triples=22)
[ConceptNet] fetched: en:further:CapableOf,HasProperty,IsA,MadeOf,PartOf,RelatedTo,UsedFor (triples=8)
[ConceptNet] fetched: en:garden:CapableOf,HasProperty,IsA,MadeOf,PartOf,RelatedTo,UsedFor (triples=35)
[ConceptNet] fetched: en:garter snake:CapableOf,HasProperty,IsA,MadeOf,PartOf,RelatedTo,UsedFor (triples=2)
[ConceptNet] fetched: en:gladiolus:CapableOf,HasProperty,IsA,MadeOf,PartOf,RelatedTo,UsedFor (triples=8)
[ConceptNet] fetched: en:glucose:CapableOf,HasProperty,IsA,MadeOf,PartOf,RelatedTo,UsedFor (triples=11)
[ConceptNet] fetched: en:green hellebore:CapableOf,HasProperty,IsA,MadeOf,PartOf,RelatedTo,UsedFor (triples=0)
[ConceptNet] fetched: en:hazardous bin:CapableOf,HasProperty,IsA,MadeOf,PartOf,RelatedTo,UsedFor (triples=0)
[ConceptNet] fetched: en:jack bean:CapableOf,HasProperty,IsA,MadeOf,PartOf,RelatedTo,UsedFor (triples=1)
[ConceptNet] cache hit: en:later:CapableOf,HasProperty,IsA,MadeOf,PartOf,RelatedTo,UsedFor
[ConceptNet] fetched: en:lavender:CapableOf,HasProperty,IsA,MadeOf,PartOf,RelatedTo,UsedFor (triples=9)
[ConceptNet] cache hit: en:made:CapableOf,HasProperty,IsA,MadeOf,PartOf,RelatedTo,UsedFor
[ConceptNet] fetched: en:marigold:CapableOf,HasProperty,IsA,MadeOf,PartOf,RelatedTo,UsedFor (triples=8)
[ConceptNet] cache hit: en:material:CapableOf,HasProperty,IsA,MadeOf,PartOf,RelatedTo,UsedFor
[ConceptNet] fetched: en:mint:CapableOf,HasProperty,IsA,MadeOf,PartOf,RelatedTo,UsedFor (triples=16)
[ConceptNet] cache hit: en:mixed:CapableOf,HasProperty,IsA,MadeOf,PartOf,RelatedTo,UsedFor
[ConceptNet] cache hit: en:mixed bin:CapableOf,HasProperty,IsA,MadeOf,PartOf,RelatedTo,UsedFor
[ConceptNet] cache hit: en:more:CapableOf,HasProperty,IsA,MadeOf,PartOf,RelatedTo,UsedFor
[ConceptNet] fetched: en:non-hazardous bin:CapableOf,HasProperty,IsA,MadeOf,PartOf,RelatedTo,UsedFor (triples=0)
[ConceptNet] fetched: en:non-poisonous:CapableOf,HasProperty,IsA,MadeOf,PartOf,RelatedTo,UsedFor (triples=0)
[ConceptNet] fetched: en:non-toxic:CapableOf,HasProperty,IsA,MadeOf,PartOf,RelatedTo,UsedFor (triples=0)
[ConceptNet] cache hit: en:objects:CapableOf,HasProperty,IsA,MadeOf,PartOf,RelatedTo,UsedFor
[ConceptNet] fetched: en:ones:CapableOf,HasProperty,IsA,MadeOf,PartOf,RelatedTo,UsedFor (triples=7)
[ConceptNet] fetched: en:organize:CapableOf,HasProperty,IsA,MadeOf,PartOf,RelatedTo,UsedFor (triples=16)
[ConceptNet] cache hit: en:place:CapableOf,HasProperty,IsA,MadeOf,PartOf,RelatedTo,UsedFor
[ConceptNet] fetched: en:placed:CapableOf,HasProperty,IsA,MadeOf,PartOf,RelatedTo,UsedFor (triples=7)
[ConceptNet] fetched: en:plant:CapableOf,HasProperty,IsA,MadeOf,PartOf,RelatedTo,UsedFor (triples=42)
[ConceptNet] fetched: en:plants:CapableOf,HasProperty,IsA,MadeOf,PartOf,RelatedTo,UsedFor (triples=40)
[ConceptNet] fetched: en:plasticizer:CapableOf,HasProperty,IsA,MadeOf,PartOf,RelatedTo,UsedFor (triples=7)
[ConceptNet] fetched: en:poisonous:CapableOf,HasProperty,IsA,MadeOf,PartOf,RelatedTo,UsedFor (triples=14)
[ConceptNet] fetched: en:public:CapableOf,HasProperty,IsA,MadeOf,PartOf,RelatedTo,UsedFor (triples=14)
[ConceptNet] fetched: en:public area bin:CapableOf,HasProperty,IsA,MadeOf,PartOf,RelatedTo,UsedFor (triples=0)
[ConceptNet] cache hit: en:put:CapableOf,HasProperty,IsA,MadeOf,PartOf,RelatedTo,UsedFor
[ConceptNet] fetched: en:rabbit:CapableOf,HasProperty,IsA,MadeOf,PartOf,RelatedTo,UsedFor (triples=29)
[ConceptNet] fetched: en:rose:CapableOf,HasProperty,IsA,MadeOf,PartOf,RelatedTo,UsedFor (triples=20)
[ConceptNet] fetched: en:rosemary:CapableOf,HasProperty,IsA,MadeOf,PartOf,RelatedTo,UsedFor (triples=10)
[ConceptNet] fetched: en:safe:CapableOf,HasProperty,IsA,MadeOf,PartOf,RelatedTo,UsedFor (triples=20)
[ConceptNet] fetched: en:safety:CapableOf,HasProperty,IsA,MadeOf,PartOf,RelatedTo,UsedFor (triples=32)
[ConceptNet] fetched: en:secure venomous bin:CapableOf,HasProperty,IsA,MadeOf,PartOf,RelatedTo,UsedFor (triples=0)
[ConceptNet] fetched: en:separate:CapableOf,HasProperty,IsA,MadeOf,PartOf,RelatedTo,UsedFor (triples=15)
[ConceptNet] fetched: en:separating:CapableOf,HasProperty,IsA,MadeOf,PartOf,RelatedTo,UsedFor (triples=8)
[ConceptNet] fetched: en:should:CapableOf,HasProperty,IsA,MadeOf,PartOf,RelatedTo,UsedFor (triples=10)
[ConceptNet] fetched: en:sodium bicarbonate:CapableOf,HasProperty,IsA,MadeOf,PartOf,RelatedTo,UsedFor (triples=10)
[ConceptNet] fetched: en:solanidine plant:CapableOf,HasProperty,IsA,MadeOf,PartOf,RelatedTo,UsedFor (triples=0)
[ConceptNet] fetched: en:solenodon:CapableOf,HasProperty,IsA,MadeOf,PartOf,RelatedTo,UsedFor (triples=8)
[ConceptNet] fetched: en:special:CapableOf,HasProperty,IsA,MadeOf,PartOf,RelatedTo,UsedFor (triples=9)
[ConceptNet] fetched: en:standard:CapableOf,HasProperty,IsA,MadeOf,PartOf,RelatedTo,UsedFor (triples=12)
[ConceptNet] fetched: en:standard bin:CapableOf,HasProperty,IsA,MadeOf,PartOf,RelatedTo,UsedFor (triples=0)
[ConceptNet] fetched: en:strychnine:CapableOf,HasProperty,IsA,MadeOf,PartOf,RelatedTo,UsedFor (triples=8)
[ConceptNet] fetched: en:substances:CapableOf,HasProperty,IsA,MadeOf,PartOf,RelatedTo,UsedFor (triples=8)
[ConceptNet] fetched: en:sunflower:CapableOf,HasProperty,IsA,MadeOf,PartOf,RelatedTo,UsedFor (triples=12)
[ConceptNet] fetched: en:sure:CapableOf,HasProperty,IsA,MadeOf,PartOf,RelatedTo,UsedFor (triples=12)
[ConceptNet] fetched: en:testing:CapableOf,HasProperty,IsA,MadeOf,PartOf,RelatedTo,UsedFor (triples=16)
[ConceptNet] fetched: en:tetraethyl lead:CapableOf,HasProperty,IsA,MadeOf,PartOf,RelatedTo,UsedFor (triples=5)
[ConceptNet] cache hit: en:than:CapableOf,HasProperty,IsA,MadeOf,PartOf,RelatedTo,UsedFor
[ConceptNet] fetched: en:their:CapableOf,HasProperty,IsA,MadeOf,PartOf,RelatedTo,UsedFor (triples=12)
[ConceptNet] fetched: en:toxic:CapableOf,HasProperty,IsA,MadeOf,PartOf,RelatedTo,UsedFor (triples=14)
[ConceptNet] fetched: en:toxic bin:CapableOf,HasProperty,IsA,MadeOf,PartOf,RelatedTo,UsedFor (triples=0)
[ConceptNet] fetched: en:toxicity:CapableOf,HasProperty,IsA,MadeOf,PartOf,RelatedTo,UsedFor (triples=7)
[ConceptNet] fetched: en:tulip:CapableOf,HasProperty,IsA,MadeOf,PartOf,RelatedTo,UsedFor (triples=18)
[ConceptNet] fetched: en:unsure:CapableOf,HasProperty,IsA,MadeOf,PartOf,RelatedTo,UsedFor (triples=8)
[ConceptNet] fetched: en:use:CapableOf,HasProperty,IsA,MadeOf,PartOf,RelatedTo,UsedFor (triples=9)
[ConceptNet] fetched: en:verification bin:CapableOf,HasProperty,IsA,MadeOf,PartOf,RelatedTo,UsedFor (triples=0)
Mode: ope
  Relations: CapableOf,HasProperty,IsA,MadeOf,PartOf,RelatedTo,UsedFor
  Succeeded: 90
  Failed: 0
[ConceptNet] fetched: en:about:CapableOf,HasProperty,IsA,MannerOf,UsedFor (triples=0)
[ConceptNet] cache hit: en:according:CapableOf,HasProperty,IsA,MannerOf,UsedFor
[ConceptNet] fetched: en:amaranth:CapableOf,HasProperty,IsA,MannerOf,UsedFor (triples=1)
[ConceptNet] fetched: en:amatoxin plant:CapableOf,HasProperty,IsA,MannerOf,UsedFor (triples=0)
[ConceptNet] fetched: en:animals:CapableOf,HasProperty,IsA,MannerOf,UsedFor (triples=35)
[ConceptNet] cache hit: en:area:CapableOf,HasProperty,IsA,MannerOf,UsedFor
[ConceptNet] fetched: en:barium chloride:CapableOf,HasProperty,IsA,MannerOf,UsedFor (triples=1)
[ConceptNet] fetched: en:basil:CapableOf,HasProperty,IsA,MannerOf,UsedFor (triples=5)
[ConceptNet] cache hit: en:basket:CapableOf,HasProperty,IsA,MannerOf,UsedFor
[ConceptNet] cache hit: en:baskets:CapableOf,HasProperty,IsA,MannerOf,UsedFor
[ConceptNet] fetched: en:black widow spider:CapableOf,HasProperty,IsA,MannerOf,UsedFor (triples=0)
[ConceptNet] fetched: en:boomslang:CapableOf,HasProperty,IsA,MannerOf,UsedFor (triples=1)
[ConceptNet] fetched: en:brown recluse spider:CapableOf,HasProperty,IsA,MannerOf,UsedFor (triples=0)
[ConceptNet] cache hit: en:checked:CapableOf,HasProperty,IsA,MannerOf,UsedFor
[ConceptNet] fetched: en:checking:CapableOf,HasProperty,IsA,MannerOf,UsedFor (triples=0)
[ConceptNet] fetched: en:clearly:CapableOf,HasProperty,IsA,MannerOf,UsedFor (triples=0)
[ConceptNet] fetched: en:collect:CapableOf,HasProperty,IsA,MannerOf,UsedFor (triples=1)
[ConceptNet] cache hit: en:container:CapableOf,HasProperty,IsA,MannerOf,UsedFor
[ConceptNet] fetched: en:containers:CapableOf,HasProperty,IsA,MannerOf,UsedFor (triples=10)
[ConceptNet] cache hit: en:correct:CapableOf,HasProperty,IsA,MannerOf,UsedFor
[ConceptNet] fetched: en:daffodil:CapableOf,HasProperty,IsA,MannerOf,UsedFor (triples=1)
[ConceptNet] fetched: en:death cap mushroom:CapableOf,HasProperty,IsA,MannerOf,UsedFor (triples=0)
[ConceptNet] fetched: en:deer:CapableOf,HasProperty,IsA,MannerOf,UsedFor (triples=12)
[ConceptNet] fetched: en:diazomethane:CapableOf,HasProperty,IsA,MannerOf,UsedFor (triples=1)
[ConceptNet] cache hit: en:doubt:CapableOf,HasProperty,IsA,MannerOf,UsedFor
[ConceptNet] fetched: en:doubtful:CapableOf,HasProperty,IsA,MannerOf,UsedFor (triples=0)
[ConceptNet] fetched: en:ethanol:CapableOf,HasProperty,IsA,MannerOf,UsedFor (triples=6)
[ConceptNet] fetched: en:fox:CapableOf,HasProperty,IsA,MannerOf,UsedFor (triples=8)
[ConceptNet] fetched: en:further:CapableOf,HasProperty,IsA,MannerOf,UsedFor (triples=0)
[ConceptNet] fetched: en:garden:CapableOf,HasProperty,IsA,MannerOf,UsedFor (triples=19)
[ConceptNet] fetched: en:garter snake:CapableOf,HasProperty,IsA,MannerOf,UsedFor (triples=0)
[ConceptNet] fetched: en:gladiolus:CapableOf,HasProperty,IsA,MannerOf,UsedFor (triples=1)
[ConceptNet] fetched: en:glucose:CapableOf,HasProperty,IsA,MannerOf,UsedFor (triples=4)
[ConceptNet] fetched: en:green hellebore:CapableOf,HasProperty,IsA,MannerOf,UsedFor (triples=0)
[ConceptNet] fetched: en:hazardous bin:CapableOf,HasProperty,IsA,MannerOf,UsedFor (triples=0)
[ConceptNet] fetched: en:jack bean:CapableOf,HasProperty,IsA,MannerOf,UsedFor (triples=0)
[ConceptNet] cache hit: en:later:CapableOf,HasProperty,IsA,MannerOf,UsedFor
[ConceptNet] fetched: en:lavender:CapableOf,HasProperty,IsA,MannerOf,UsedFor (triples=2)
[ConceptNet] cache hit: en:made:CapableOf,HasProperty,IsA,MannerOf,UsedFor
[ConceptNet] fetched: en:marigold:CapableOf,HasProperty,IsA,MannerOf,UsedFor (triples=1)
[ConceptNet] cache hit: en:material:CapableOf,HasProperty,IsA,MannerOf,UsedFor
[ConceptNet] fetched: en:mint:CapableOf,HasProperty,IsA,MannerOf,UsedFor (triples=2)
[ConceptNet] cache hit: en:mixed:CapableOf,HasProperty,IsA,MannerOf,UsedFor
[ConceptNet] cache hit: en:mixed bin:CapableOf,HasProperty,IsA,MannerOf,UsedFor
[ConceptNet] cache hit: en:more:CapableOf,HasProperty,IsA,MannerOf,UsedFor
[ConceptNet] fetched: en:non-hazardous bin:CapableOf,HasProperty,IsA,MannerOf,UsedFor (triples=0)
[ConceptNet] fetched: en:non-poisonous:CapableOf,HasProperty,IsA,MannerOf,UsedFor (triples=0)
[ConceptNet] fetched: en:non-toxic:CapableOf,HasProperty,IsA,MannerOf,UsedFor (triples=0)
[ConceptNet] cache hit: en:objects:CapableOf,HasProperty,IsA,MannerOf,UsedFor
[ConceptNet] fetched: en:ones:CapableOf,HasProperty,IsA,MannerOf,UsedFor (triples=0)
[ConceptNet] fetched: en:organize:CapableOf,HasProperty,IsA,MannerOf,UsedFor (triples=2)
[ConceptNet] cache hit: en:place:CapableOf,HasProperty,IsA,MannerOf,UsedFor
[ConceptNet] fetched: en:placed:CapableOf,HasProperty,IsA,MannerOf,UsedFor (triples=0)
[ConceptNet] fetched: en:plant:CapableOf,HasProperty,IsA,MannerOf,UsedFor (triples=18)
[ConceptNet] fetched: en:plants:CapableOf,HasProperty,IsA,MannerOf,UsedFor (triples=31)
[ConceptNet] fetched: en:plasticizer:CapableOf,HasProperty,IsA,MannerOf,UsedFor (triples=0)
[ConceptNet] fetched: en:poisonous:CapableOf,HasProperty,IsA,MannerOf,UsedFor (triples=7)
[ConceptNet] fetched: en:public:CapableOf,HasProperty,IsA,MannerOf,UsedFor (triples=0)
[ConceptNet] fetched: en:public area bin:CapableOf,HasProperty,IsA,MannerOf,UsedFor (triples=0)
[ConceptNet] cache hit: en:put:CapableOf,HasProperty,IsA,MannerOf,UsedFor
[ConceptNet] fetched: en:rabbit:CapableOf,HasProperty,IsA,MannerOf,UsedFor (triples=15)
[ConceptNet] fetched: en:rose:CapableOf,HasProperty,IsA,MannerOf,UsedFor (triples=6)
[ConceptNet] fetched: en:rosemary:CapableOf,HasProperty,IsA,MannerOf,UsedFor (triples=3)
[ConceptNet] fetched: en:safe:CapableOf,HasProperty,IsA,MannerOf,UsedFor (triples=6)
[ConceptNet] fetched: en:safety:CapableOf,HasProperty,IsA,MannerOf,UsedFor (triples=18)
[ConceptNet] fetched: en:secure venomous bin:CapableOf,HasProperty,IsA,MannerOf,UsedFor (triples=0)
[ConceptNet] fetched: en:separate:CapableOf,HasProperty,IsA,MannerOf,UsedFor (triples=3)
[ConceptNet] fetched: en:separating:CapableOf,HasProperty,IsA,MannerOf,UsedFor (triples=1)
[ConceptNet] fetched: en:should:CapableOf,HasProperty,IsA,MannerOf,UsedFor (triples=0)
[ConceptNet] fetched: en:sodium bicarbonate:CapableOf,HasProperty,IsA,MannerOf,UsedFor (triples=1)
[ConceptNet] fetched: en:solanidine plant:CapableOf,HasProperty,IsA,MannerOf,UsedFor (triples=0)
[ConceptNet] fetched: en:solenodon:CapableOf,HasProperty,IsA,MannerOf,UsedFor (triples=1)
[ConceptNet] fetched: en:special:CapableOf,HasProperty,IsA,MannerOf,UsedFor (triples=2)
[ConceptNet] fetched: en:standard:CapableOf,HasProperty,IsA,MannerOf,UsedFor (triples=4)
[ConceptNet] fetched: en:standard bin:CapableOf,HasProperty,IsA,MannerOf,UsedFor (triples=0)
[ConceptNet] fetched: en:strychnine:CapableOf,HasProperty,IsA,MannerOf,UsedFor (triples=1)
[ConceptNet] fetched: en:substances:CapableOf,HasProperty,IsA,MannerOf,UsedFor (triples=1)
[ConceptNet] fetched: en:sunflower:CapableOf,HasProperty,IsA,MannerOf,UsedFor (triples=0)
[ConceptNet] fetched: en:sure:CapableOf,HasProperty,IsA,MannerOf,UsedFor (triples=1)
[ConceptNet] fetched: en:testing:CapableOf,HasProperty,IsA,MannerOf,UsedFor (triples=9)
[ConceptNet] fetched: en:tetraethyl lead:CapableOf,HasProperty,IsA,MannerOf,UsedFor (triples=0)
[ConceptNet] cache hit: en:than:CapableOf,HasProperty,IsA,MannerOf,UsedFor
[ConceptNet] fetched: en:their:CapableOf,HasProperty,IsA,MannerOf,UsedFor (triples=3)
[ConceptNet] fetched: en:toxic:CapableOf,HasProperty,IsA,MannerOf,UsedFor (triples=7)
[ConceptNet] fetched: en:toxic bin:CapableOf,HasProperty,IsA,MannerOf,UsedFor (triples=0)
[ConceptNet] fetched: en:toxicity:CapableOf,HasProperty,IsA,MannerOf,UsedFor (triples=0)
[ConceptNet] fetched: en:tulip:CapableOf,HasProperty,IsA,MannerOf,UsedFor (triples=4)
[ConceptNet] fetched: en:unsure:CapableOf,HasProperty,IsA,MannerOf,UsedFor (triples=1)
[ConceptNet] fetched: en:use:CapableOf,HasProperty,IsA,MannerOf,UsedFor (triples=3)
[ConceptNet] fetched: en:verification bin:CapableOf,HasProperty,IsA,MannerOf,UsedFor (triples=0)
Mode: urp
  Relations: CapableOf,HasProperty,IsA,MannerOf,UsedFor
  Succeeded: 90
  Failed: 0
[precompute] category=toxicity id=to_01
[ConceptNet] cache hit: en:green hellebore:CapableOf,HasProperty,IsA,MadeOf,PartOf,RelatedTo,UsedFor
[ConceptNet] cache hit: en:green hellebore:CapableOf,HasProperty,IsA,MannerOf,UsedFor
[ConceptNet] cache hit: en:rose:CapableOf,HasProperty,IsA,MadeOf,PartOf,RelatedTo,UsedFor
[ConceptNet] cache hit: en:rose:CapableOf,HasProperty,IsA,MannerOf,UsedFor
[ConceptNet] cache hit: en:sunflower:CapableOf,HasProperty,IsA,MadeOf,PartOf,RelatedTo,UsedFor
[ConceptNet] cache hit: en:sunflower:CapableOf,HasProperty,IsA,MannerOf,UsedFor
[ConceptNet] cache hit: en:lavender:CapableOf,HasProperty,IsA,MadeOf,PartOf,RelatedTo,UsedFor
[ConceptNet] cache hit: en:lavender:CapableOf,HasProperty,IsA,MannerOf,UsedFor
[ConceptNet] cache hit: en:solanidine plant:CapableOf,HasProperty,IsA,MadeOf,PartOf,RelatedTo,UsedFor
[ConceptNet] cache hit: en:solanidine plant:CapableOf,HasProperty,IsA,MannerOf,UsedFor
[ConceptNet] cache hit: en:basil:CapableOf,HasProperty,IsA,MadeOf,PartOf,RelatedTo,UsedFor
[ConceptNet] cache hit: en:basil:CapableOf,HasProperty,IsA,MannerOf,UsedFor
[ConceptNet] cache hit: en:mint:CapableOf,HasProperty,IsA,MadeOf,PartOf,RelatedTo,UsedFor
[ConceptNet] cache hit: en:mint:CapableOf,HasProperty,IsA,MannerOf,UsedFor
[ConceptNet] cache hit: en:amaranth:CapableOf,HasProperty,IsA,MadeOf,PartOf,RelatedTo,UsedFor
[ConceptNet] cache hit: en:amaranth:CapableOf,HasProperty,IsA,MannerOf,UsedFor
[ConceptNet] cache hit: en:toxic bin:CapableOf,HasProperty,IsA,MadeOf,PartOf,RelatedTo,UsedFor
[ConceptNet] cache hit: en:toxic bin:CapableOf,HasProperty,IsA,MannerOf,UsedFor
[ConceptNet] cache hit: en:standard bin:CapableOf,HasProperty,IsA,MadeOf,PartOf,RelatedTo,UsedFor
[ConceptNet] cache hit: en:standard bin:CapableOf,HasProperty,IsA,MannerOf,UsedFor
[ConceptNet] cache hit: en:objects:CapableOf,HasProperty,IsA,MannerOf,UsedFor
[ConceptNet] cache hit: en:baskets:CapableOf,HasProperty,IsA,MannerOf,UsedFor
[precompute] category=toxicity id=to_02
[ConceptNet] cache hit: en:jack bean:CapableOf,HasProperty,IsA,MadeOf,PartOf,RelatedTo,UsedFor
[ConceptNet] cache hit: en:jack bean:CapableOf,HasProperty,IsA,MannerOf,UsedFor
[ConceptNet] cache hit: en:tulip:CapableOf,HasProperty,IsA,MadeOf,PartOf,RelatedTo,UsedFor
[ConceptNet] cache hit: en:tulip:CapableOf,HasProperty,IsA,MannerOf,UsedFor
[ConceptNet] cache hit: en:daffodil:CapableOf,HasProperty,IsA,MadeOf,PartOf,RelatedTo,UsedFor
[ConceptNet] cache hit: en:daffodil:CapableOf,HasProperty,IsA,MannerOf,UsedFor
[ConceptNet] cache hit: en:marigold:CapableOf,HasProperty,IsA,MadeOf,PartOf,RelatedTo,UsedFor
[ConceptNet] cache hit: en:marigold:CapableOf,HasProperty,IsA,MannerOf,UsedFor
[ConceptNet] cache hit: en:rosemary:CapableOf,HasProperty,IsA,MadeOf,PartOf,RelatedTo,UsedFor
[ConceptNet] cache hit: en:rosemary:CapableOf,HasProperty,IsA,MannerOf,UsedFor
[ConceptNet] cache hit: en:lavender:CapableOf,HasProperty,IsA,MadeOf,PartOf,RelatedTo,UsedFor
[ConceptNet] cache hit: en:lavender:CapableOf,HasProperty,IsA,MannerOf,UsedFor
[ConceptNet] cache hit: en:toxic bin:CapableOf,HasProperty,IsA,MadeOf,PartOf,RelatedTo,UsedFor
[ConceptNet] cache hit: en:toxic bin:CapableOf,HasProperty,IsA,MannerOf,UsedFor
[ConceptNet] cache hit: en:standard bin:CapableOf,HasProperty,IsA,MadeOf,PartOf,RelatedTo,UsedFor
[ConceptNet] cache hit: en:standard bin:CapableOf,HasProperty,IsA,MannerOf,UsedFor
[ConceptNet] cache hit: en:plants:CapableOf,HasProperty,IsA,MannerOf,UsedFor
[ConceptNet] cache hit: en:toxic:CapableOf,HasProperty,IsA,MannerOf,UsedFor
[precompute] category=toxicity id=to_03
[ConceptNet] cache hit: en:death cap mushroom:CapableOf,HasProperty,IsA,MadeOf,PartOf,RelatedTo,UsedFor
[ConceptNet] cache hit: en:death cap mushroom:CapableOf,HasProperty,IsA,MannerOf,UsedFor
[ConceptNet] cache hit: en:basil:CapableOf,HasProperty,IsA,MadeOf,PartOf,RelatedTo,UsedFor
[ConceptNet] cache hit: en:basil:CapableOf,HasProperty,IsA,MannerOf,UsedFor
[ConceptNet] cache hit: en:amatoxin plant:CapableOf,HasProperty,IsA,MadeOf,PartOf,RelatedTo,UsedFor
[ConceptNet] cache hit: en:amatoxin plant:CapableOf,HasProperty,IsA,MannerOf,UsedFor
[ConceptNet] cache hit: en:mint:CapableOf,HasProperty,IsA,MadeOf,PartOf,RelatedTo,UsedFor
[ConceptNet] cache hit: en:mint:CapableOf,HasProperty,IsA,MannerOf,UsedFor
[ConceptNet] cache hit: en:gladiolus:CapableOf,HasProperty,IsA,MadeOf,PartOf,RelatedTo,UsedFor
[ConceptNet] cache hit: en:gladiolus:CapableOf,HasProperty,IsA,MannerOf,UsedFor
[ConceptNet] cache hit: en:rosemary:CapableOf,HasProperty,IsA,MadeOf,PartOf,RelatedTo,UsedFor
[ConceptNet] cache hit: en:rosemary:CapableOf,HasProperty,IsA,MannerOf,UsedFor
[ConceptNet] cache hit: en:lavender:CapableOf,HasProperty,IsA,MadeOf,PartOf,RelatedTo,UsedFor
[ConceptNet] cache hit: en:lavender:CapableOf,HasProperty,IsA,MannerOf,UsedFor
[ConceptNet] cache hit: en:toxic bin:CapableOf,HasProperty,IsA,MadeOf,PartOf,RelatedTo,UsedFor
[ConceptNet] cache hit: en:toxic bin:CapableOf,HasProperty,IsA,MannerOf,UsedFor
[ConceptNet] cache hit: en:standard bin:CapableOf,HasProperty,IsA,MadeOf,PartOf,RelatedTo,UsedFor
[ConceptNet] cache hit: en:standard bin:CapableOf,HasProperty,IsA,MannerOf,UsedFor
[ConceptNet] cache hit: en:mixed bin:CapableOf,HasProperty,IsA,MadeOf,PartOf,RelatedTo,UsedFor
[ConceptNet] cache hit: en:mixed bin:CapableOf,HasProperty,IsA,MannerOf,UsedFor
[ConceptNet] cache hit: en:toxic:CapableOf,HasProperty,IsA,MannerOf,UsedFor
[ConceptNet] cache hit: en:plants:CapableOf,HasProperty,IsA,MannerOf,UsedFor
[precompute] category=toxicity id=to_04
[ConceptNet] cache hit: en:black widow spider:CapableOf,HasProperty,IsA,MadeOf,PartOf,RelatedTo,UsedFor
[ConceptNet] cache hit: en:black widow spider:CapableOf,HasProperty,IsA,MannerOf,UsedFor
[ConceptNet] cache hit: en:deer:CapableOf,HasProperty,IsA,MadeOf,PartOf,RelatedTo,UsedFor
[ConceptNet] cache hit: en:deer:CapableOf,HasProperty,IsA,MannerOf,UsedFor
[ConceptNet] cache hit: en:boomslang:CapableOf,HasProperty,IsA,MadeOf,PartOf,RelatedTo,UsedFor
[ConceptNet] cache hit: en:boomslang:CapableOf,HasProperty,IsA,MannerOf,UsedFor
[ConceptNet] cache hit: en:solenodon:CapableOf,HasProperty,IsA,MadeOf,PartOf,RelatedTo,UsedFor
[ConceptNet] cache hit: en:solenodon:CapableOf,HasProperty,IsA,MannerOf,UsedFor
[ConceptNet] cache hit: en:brown recluse spider:CapableOf,HasProperty,IsA,MadeOf,PartOf,RelatedTo,UsedFor
[ConceptNet] cache hit: en:brown recluse spider:CapableOf,HasProperty,IsA,MannerOf,UsedFor
[ConceptNet] cache hit: en:fox:CapableOf,HasProperty,IsA,MadeOf,PartOf,RelatedTo,UsedFor
[ConceptNet] cache hit: en:fox:CapableOf,HasProperty,IsA,MannerOf,UsedFor
[ConceptNet] cache hit: en:rabbit:CapableOf,HasProperty,IsA,MadeOf,PartOf,RelatedTo,UsedFor
[ConceptNet] cache hit: en:rabbit:CapableOf,HasProperty,IsA,MannerOf,UsedFor
[ConceptNet] cache hit: en:garter snake:CapableOf,HasProperty,IsA,MadeOf,PartOf,RelatedTo,UsedFor
[ConceptNet] cache hit: en:garter snake:CapableOf,HasProperty,IsA,MannerOf,UsedFor
[ConceptNet] cache hit: en:secure venomous bin:CapableOf,HasProperty,IsA,MadeOf,PartOf,RelatedTo,UsedFor
[ConceptNet] cache hit: en:secure venomous bin:CapableOf,HasProperty,IsA,MannerOf,UsedFor
[ConceptNet] cache hit: en:public area bin:CapableOf,HasProperty,IsA,MadeOf,PartOf,RelatedTo,UsedFor
[ConceptNet] cache hit: en:public area bin:CapableOf,HasProperty,IsA,MannerOf,UsedFor
[ConceptNet] cache hit: en:verification bin:CapableOf,HasProperty,IsA,MadeOf,PartOf,RelatedTo,UsedFor
[ConceptNet] cache hit: en:verification bin:CapableOf,HasProperty,IsA,MannerOf,UsedFor
[ConceptNet] cache hit: en:animals:CapableOf,HasProperty,IsA,MannerOf,UsedFor
[ConceptNet] cache hit: en:toxicity:CapableOf,HasProperty,IsA,MannerOf,UsedFor
[precompute] category=toxicity id=to_05
[ConceptNet] cache hit: en:tetraethyl lead:CapableOf,HasProperty,IsA,MadeOf,PartOf,RelatedTo,UsedFor
[ConceptNet] cache hit: en:tetraethyl lead:CapableOf,HasProperty,IsA,MannerOf,UsedFor
[ConceptNet] cache hit: en:plasticizer:CapableOf,HasProperty,IsA,MadeOf,PartOf,RelatedTo,UsedFor
[ConceptNet] cache hit: en:plasticizer:CapableOf,HasProperty,IsA,MannerOf,UsedFor
[ConceptNet] cache hit: en:barium chloride:CapableOf,HasProperty,IsA,MadeOf,PartOf,RelatedTo,UsedFor
[ConceptNet] cache hit: en:barium chloride:CapableOf,HasProperty,IsA,MannerOf,UsedFor
[ConceptNet] cache hit: en:strychnine:CapableOf,HasProperty,IsA,MadeOf,PartOf,RelatedTo,UsedFor
[ConceptNet] cache hit: en:strychnine:CapableOf,HasProperty,IsA,MannerOf,UsedFor
[ConceptNet] cache hit: en:diazomethane:CapableOf,HasProperty,IsA,MadeOf,PartOf,RelatedTo,UsedFor
[ConceptNet] cache hit: en:diazomethane:CapableOf,HasProperty,IsA,MannerOf,UsedFor
[ConceptNet] cache hit: en:ethanol:CapableOf,HasProperty,IsA,MadeOf,PartOf,RelatedTo,UsedFor
[ConceptNet] cache hit: en:ethanol:CapableOf,HasProperty,IsA,MannerOf,UsedFor
[ConceptNet] cache hit: en:sodium bicarbonate:CapableOf,HasProperty,IsA,MadeOf,PartOf,RelatedTo,UsedFor
[ConceptNet] cache hit: en:sodium bicarbonate:CapableOf,HasProperty,IsA,MannerOf,UsedFor
[ConceptNet] cache hit: en:glucose:CapableOf,HasProperty,IsA,MadeOf,PartOf,RelatedTo,UsedFor
[ConceptNet] cache hit: en:glucose:CapableOf,HasProperty,IsA,MannerOf,UsedFor
[ConceptNet] cache hit: en:hazardous bin:CapableOf,HasProperty,IsA,MadeOf,PartOf,RelatedTo,UsedFor
[ConceptNet] cache hit: en:hazardous bin:CapableOf,HasProperty,IsA,MannerOf,UsedFor
[ConceptNet] cache hit: en:non-hazardous bin:CapableOf,HasProperty,IsA,MadeOf,PartOf,RelatedTo,UsedFor
[ConceptNet] cache hit: en:non-hazardous bin:CapableOf,HasProperty,IsA,MannerOf,UsedFor
[ConceptNet] cache hit: en:mixed bin:CapableOf,HasProperty,IsA,MadeOf,PartOf,RelatedTo,UsedFor
[ConceptNet] cache hit: en:mixed bin:CapableOf,HasProperty,IsA,MannerOf,UsedFor
[ConceptNet] cache hit: en:toxic:CapableOf,HasProperty,IsA,MannerOf,UsedFor
[ConceptNet] cache hit: en:containers:CapableOf,HasProperty,IsA,MannerOf,UsedFor
Precompute completed
Items processed: 5
embedding_cache: cache/embedding_cache.json
keyword_cache: cache/keyword_cache.json
similarity_cache: cache/similarity_cache.json
[progress] theta=0.65 category=toxicity id=to_01 trial=1/1
[progress] theta=0.65 category=toxicity id=to_02 trial=1/1
[progress] theta=0.65 category=toxicity id=to_03 trial=1/1
[progress] theta=0.65 category=toxicity id=to_04 trial=1/1
[progress] theta=0.65 category=toxicity id=to_05 trial=1/1
[progress] theta=0.7 category=toxicity id=to_01 trial=1/1
[progress] theta=0.7 category=toxicity id=to_02 trial=1/1
[progress] theta=0.7 category=toxicity id=to_03 trial=1/1
[progress] theta=0.7 category=toxicity id=to_04 trial=1/1
[progress] theta=0.7 category=toxicity id=to_05 trial=1/1
[progress] theta=0.75 category=toxicity id=to_01 trial=1/1
[progress] theta=0.75 category=toxicity id=to_02 trial=1/1
[progress] theta=0.75 category=toxicity id=to_03 trial=1/1
[progress] theta=0.75 category=toxicity id=to_04 trial=1/1
[progress] theta=0.75 category=toxicity id=to_05 trial=1/1
[progress] theta=0.8 category=toxicity id=to_01 trial=1/1
[progress] theta=0.8 category=toxicity id=to_02 trial=1/1
[progress] theta=0.8 category=toxicity id=to_03 trial=1/1
[progress] theta=0.8 category=toxicity id=to_04 trial=1/1
[progress] theta=0.8 category=toxicity id=to_05 trial=1/1
[progress] theta=0.85 category=toxicity id=to_01 trial=1/1
[progress] theta=0.85 category=toxicity id=to_02 trial=1/1
[progress] theta=0.85 category=toxicity id=to_03 trial=1/1
[progress] theta=0.85 category=toxicity id=to_04 trial=1/1
[progress] theta=0.85 category=toxicity id=to_05 trial=1/1
Saved plot to scripts/experiments/theta/results/threshold_sweep_toxicity.png
Best theta: 0.85
Overall success rate: 0.4
Trade-off: higher theta keeps fewer relations (lower avg relations per object/keyword), which can reduce noise but may hurt recall; lower theta keeps more relations, which can improve recall but may add noise.
