Instruction files OK
Prefetch summary
Total unique terms: 48
Loaded as API: https://cstr-conceptnet-normalized.hf.space
[ConceptNet] fetched: en:according:CapableOf,HasProperty,IsA,MadeOf,PartOf,RelatedTo,UsedFor (triples=7)
[ConceptNet] fetched: en:aluminum can:CapableOf,HasProperty,IsA,MadeOf,PartOf,RelatedTo,UsedFor (triples=2)
[ConceptNet] fetched: en:basket:CapableOf,HasProperty,IsA,MadeOf,PartOf,RelatedTo,UsedFor (triples=26)
[ConceptNet] fetched: en:baskets:CapableOf,HasProperty,IsA,MadeOf,PartOf,RelatedTo,UsedFor (triples=2)
[ConceptNet] fetched: en:beverage carton:CapableOf,HasProperty,IsA,MadeOf,PartOf,RelatedTo,UsedFor (triples=0)
[ConceptNet] fetched: en:bin:CapableOf,HasProperty,IsA,MadeOf,PartOf,RelatedTo,UsedFor (triples=16)
[ConceptNet] fetched: en:brochures:CapableOf,HasProperty,IsA,MadeOf,PartOf,RelatedTo,UsedFor (triples=0)
[ConceptNet] cache hit: en:can:CapableOf,HasProperty,IsA,MadeOf,PartOf,RelatedTo,UsedFor
[ConceptNet] fetched: en:candle:CapableOf,HasProperty,IsA,MadeOf,PartOf,RelatedTo,UsedFor (triples=31)
[ConceptNet] fetched: en:cardboard:CapableOf,HasProperty,IsA,MadeOf,PartOf,RelatedTo,UsedFor (triples=19)
[ConceptNet] fetched: en:cardboard box:CapableOf,HasProperty,IsA,MadeOf,PartOf,RelatedTo,UsedFor (triples=12)
[ConceptNet] fetched: en:checked:CapableOf,HasProperty,IsA,MadeOf,PartOf,RelatedTo,UsedFor (triples=7)
[ConceptNet] fetched: en:cheese paper:CapableOf,HasProperty,IsA,MadeOf,PartOf,RelatedTo,UsedFor (triples=0)
[ConceptNet] fetched: en:coke can:CapableOf,HasProperty,IsA,MadeOf,PartOf,RelatedTo,UsedFor (triples=0)
[ConceptNet] fetched: en:colored pencil:CapableOf,HasProperty,IsA,MadeOf,PartOf,RelatedTo,UsedFor (triples=8)
[ConceptNet] fetched: en:comic:CapableOf,HasProperty,IsA,MadeOf,PartOf,RelatedTo,UsedFor (triples=12)
[ConceptNet] fetched: en:correct:CapableOf,HasProperty,IsA,MadeOf,PartOf,RelatedTo,UsedFor (triples=10)
[ConceptNet] fetched: en:designated:CapableOf,HasProperty,IsA,MadeOf,PartOf,RelatedTo,UsedFor (triples=7)
[ConceptNet] fetched: en:doubt:CapableOf,HasProperty,IsA,MadeOf,PartOf,RelatedTo,UsedFor (triples=12)
[ConceptNet] fetched: en:exclusively:CapableOf,HasProperty,IsA,MadeOf,PartOf,RelatedTo,UsedFor (triples=7)
[ConceptNet] fetched: en:fruit net:CapableOf,HasProperty,IsA,MadeOf,PartOf,RelatedTo,UsedFor (triples=0)
[ConceptNet] fetched: en:glass:CapableOf,HasProperty,IsA,MadeOf,PartOf,RelatedTo,UsedFor (triples=60)
[ConceptNet] fetched: en:glass bin:CapableOf,HasProperty,IsA,MadeOf,PartOf,RelatedTo,UsedFor (triples=0)
[ConceptNet] fetched: en:glass bottle:CapableOf,HasProperty,IsA,MadeOf,PartOf,RelatedTo,UsedFor (triples=4)
[ConceptNet] fetched: en:glass jar:CapableOf,HasProperty,IsA,MadeOf,PartOf,RelatedTo,UsedFor (triples=0)
[ConceptNet] cache hit: en:items:CapableOf,HasProperty,IsA,MadeOf,PartOf,RelatedTo,UsedFor
[ConceptNet] fetched: en:journal:CapableOf,HasProperty,IsA,MadeOf,PartOf,RelatedTo,UsedFor (triples=14)
[ConceptNet] fetched: en:later:CapableOf,HasProperty,IsA,MadeOf,PartOf,RelatedTo,UsedFor (triples=10)
[ConceptNet] cache hit: en:made:CapableOf,HasProperty,IsA,MadeOf,PartOf,RelatedTo,UsedFor
[ConceptNet] fetched: en:material:CapableOf,HasProperty,IsA,MadeOf,PartOf,RelatedTo,UsedFor (triples=27)
[ConceptNet] fetched: en:mixed:CapableOf,HasProperty,IsA,MadeOf,PartOf,RelatedTo,UsedFor (triples=7)
[ConceptNet] fetched: en:mixed bin:CapableOf,HasProperty,IsA,MadeOf,PartOf,RelatedTo,UsedFor (triples=0)
[ConceptNet] fetched: en:more:CapableOf,HasProperty,IsA,MadeOf,PartOf,RelatedTo,UsedFor (triples=17)
[ConceptNet] cache hit: en:objects:CapableOf,HasProperty,IsA,MadeOf,PartOf,RelatedTo,UsedFor
[ConceptNet] cache hit: en:paper:CapableOf,HasProperty,IsA,MadeOf,PartOf,RelatedTo,UsedFor
[ConceptNet] fetched: en:paper bin:CapableOf,HasProperty,IsA,MadeOf,PartOf,RelatedTo,UsedFor (triples=0)
[ConceptNet] fetched: en:paper clip:CapableOf,HasProperty,IsA,MadeOf,PartOf,RelatedTo,UsedFor (triples=17)
[ConceptNet] fetched: en:paper cup:CapableOf,HasProperty,IsA,MadeOf,PartOf,RelatedTo,UsedFor (triples=2)
[ConceptNet] fetched: en:plastic bin:CapableOf,HasProperty,IsA,MadeOf,PartOf,RelatedTo,UsedFor (triples=0)
[ConceptNet] fetched: en:plastic bottle:CapableOf,HasProperty,IsA,MadeOf,PartOf,RelatedTo,UsedFor (triples=1)
[ConceptNet] cache hit: en:put:CapableOf,HasProperty,IsA,MadeOf,PartOf,RelatedTo,UsedFor
[ConceptNet] fetched: en:tetrapak:CapableOf,HasProperty,IsA,MadeOf,PartOf,RelatedTo,UsedFor (triples=0)
[ConceptNet] fetched: en:than:CapableOf,HasProperty,IsA,MadeOf,PartOf,RelatedTo,UsedFor (triples=10)
[ConceptNet] cache hit: en:throw:CapableOf,HasProperty,IsA,MadeOf,PartOf,RelatedTo,UsedFor
[ConceptNet] fetched: en:transfer paper:CapableOf,HasProperty,IsA,MadeOf,PartOf,RelatedTo,UsedFor (triples=0)
[ConceptNet] fetched: en:wax:CapableOf,HasProperty,IsA,MadeOf,PartOf,RelatedTo,UsedFor (triples=27)
[ConceptNet] fetched: en:wax bin:CapableOf,HasProperty,IsA,MadeOf,PartOf,RelatedTo,UsedFor (triples=0)
[ConceptNet] fetched: en:yogurt pot:CapableOf,HasProperty,IsA,MadeOf,PartOf,RelatedTo,UsedFor (triples=0)
Mode: ope
  Relations: CapableOf,HasProperty,IsA,MadeOf,PartOf,RelatedTo,UsedFor
  Succeeded: 48
  Failed: 0
[ConceptNet] fetched: en:according:CapableOf,HasProperty,IsA,MannerOf,UsedFor (triples=0)
[ConceptNet] fetched: en:aluminum can:CapableOf,HasProperty,IsA,MannerOf,UsedFor (triples=0)
[ConceptNet] fetched: en:basket:CapableOf,HasProperty,IsA,MannerOf,UsedFor (triples=12)
[ConceptNet] fetched: en:baskets:CapableOf,HasProperty,IsA,MannerOf,UsedFor (triples=0)
[ConceptNet] fetched: en:beverage carton:CapableOf,HasProperty,IsA,MannerOf,UsedFor (triples=0)
[ConceptNet] fetched: en:bin:CapableOf,HasProperty,IsA,MannerOf,UsedFor (triples=2)
[ConceptNet] fetched: en:brochures:CapableOf,HasProperty,IsA,MannerOf,UsedFor (triples=0)
[ConceptNet] cache hit: en:can:CapableOf,HasProperty,IsA,MannerOf,UsedFor
[ConceptNet] fetched: en:candle:CapableOf,HasProperty,IsA,MannerOf,UsedFor (triples=17)
[ConceptNet] fetched: en:cardboard:CapableOf,HasProperty,IsA,MannerOf,UsedFor (triples=11)
[ConceptNet] fetched: en:cardboard box:CapableOf,HasProperty,IsA,MannerOf,UsedFor (triples=7)
[ConceptNet] fetched: en:checked:CapableOf,HasProperty,IsA,MannerOf,UsedFor (triples=0)
[ConceptNet] fetched: en:cheese paper:CapableOf,HasProperty,IsA,MannerOf,UsedFor (triples=0)
[ConceptNet] fetched: en:coke can:CapableOf,HasProperty,IsA,MannerOf,UsedFor (triples=0)
[ConceptNet] fetched: en:colored pencil:CapableOf,HasProperty,IsA,MannerOf,UsedFor (triples=2)
[ConceptNet] fetched: en:comic:CapableOf,HasProperty,IsA,MannerOf,UsedFor (triples=5)
[ConceptNet] fetched: en:correct:CapableOf,HasProperty,IsA,MannerOf,UsedFor (triples=3)
[ConceptNet] fetched: en:designated:CapableOf,HasProperty,IsA,MannerOf,UsedFor (triples=0)
[ConceptNet] fetched: en:doubt:CapableOf,HasProperty,IsA,MannerOf,UsedFor (triples=4)
[ConceptNet] fetched: en:exclusively:CapableOf,HasProperty,IsA,MannerOf,UsedFor (triples=0)
[ConceptNet] fetched: en:fruit net:CapableOf,HasProperty,IsA,MannerOf,UsedFor (triples=0)
[ConceptNet] fetched: en:glass:CapableOf,HasProperty,IsA,MannerOf,UsedFor (triples=34)
[ConceptNet] fetched: en:glass bin:CapableOf,HasProperty,IsA,MannerOf,UsedFor (triples=0)
[ConceptNet] fetched: en:glass bottle:CapableOf,HasProperty,IsA,MannerOf,UsedFor (triples=4)
[ConceptNet] fetched: en:glass jar:CapableOf,HasProperty,IsA,MannerOf,UsedFor (triples=0)
[ConceptNet] cache hit: en:items:CapableOf,HasProperty,IsA,MannerOf,UsedFor
[ConceptNet] fetched: en:journal:CapableOf,HasProperty,IsA,MannerOf,UsedFor (triples=3)
[ConceptNet] fetched: en:later:CapableOf,HasProperty,IsA,MannerOf,UsedFor (triples=0)
[ConceptNet] cache hit: en:made:CapableOf,HasProperty,IsA,MannerOf,UsedFor
[ConceptNet] fetched: en:material:CapableOf,HasProperty,IsA,MannerOf,UsedFor (triples=13)
[ConceptNet] fetched: en:mixed:CapableOf,HasProperty,IsA,MannerOf,UsedFor (triples=0)
[ConceptNet] fetched: en:mixed bin:CapableOf,HasProperty,IsA,MannerOf,UsedFor (triples=0)
[ConceptNet] fetched: en:more:CapableOf,HasProperty,IsA,MannerOf,UsedFor (triples=3)
[ConceptNet] cache hit: en:objects:CapableOf,HasProperty,IsA,MannerOf,UsedFor
[ConceptNet] cache hit: en:paper:CapableOf,HasProperty,IsA,MannerOf,UsedFor
[ConceptNet] fetched: en:paper bin:CapableOf,HasProperty,IsA,MannerOf,UsedFor (triples=0)
[ConceptNet] fetched: en:paper clip:CapableOf,HasProperty,IsA,MannerOf,UsedFor (triples=10)
[ConceptNet] fetched: en:paper cup:CapableOf,HasProperty,IsA,MannerOf,UsedFor (triples=0)
[ConceptNet] fetched: en:plastic bin:CapableOf,HasProperty,IsA,MannerOf,UsedFor (triples=0)
[ConceptNet] fetched: en:plastic bottle:CapableOf,HasProperty,IsA,MannerOf,UsedFor (triples=1)
[ConceptNet] cache hit: en:put:CapableOf,HasProperty,IsA,MannerOf,UsedFor
[ConceptNet] fetched: en:tetrapak:CapableOf,HasProperty,IsA,MannerOf,UsedFor (triples=0)
[ConceptNet] fetched: en:than:CapableOf,HasProperty,IsA,MannerOf,UsedFor (triples=0)
[ConceptNet] cache hit: en:throw:CapableOf,HasProperty,IsA,MannerOf,UsedFor
[ConceptNet] fetched: en:transfer paper:CapableOf,HasProperty,IsA,MannerOf,UsedFor (triples=0)
[ConceptNet] fetched: en:wax:CapableOf,HasProperty,IsA,MannerOf,UsedFor (triples=13)
[ConceptNet] fetched: en:wax bin:CapableOf,HasProperty,IsA,MannerOf,UsedFor (triples=0)
[ConceptNet] fetched: en:yogurt pot:CapableOf,HasProperty,IsA,MannerOf,UsedFor (triples=0)
Mode: urp
  Relations: CapableOf,HasProperty,IsA,MannerOf,UsedFor
  Succeeded: 48
  Failed: 0
[precompute] category=materials id=ma_01
[ConceptNet] cache hit: en:yogurt pot:CapableOf,HasProperty,IsA,MadeOf,PartOf,RelatedTo,UsedFor
[ConceptNet] cache hit: en:yogurt pot:CapableOf,HasProperty,IsA,MannerOf,UsedFor
[ConceptNet] cache hit: en:aluminum can:CapableOf,HasProperty,IsA,MadeOf,PartOf,RelatedTo,UsedFor
[ConceptNet] cache hit: en:aluminum can:CapableOf,HasProperty,IsA,MannerOf,UsedFor
[ConceptNet] cache hit: en:glass bottle:CapableOf,HasProperty,IsA,MadeOf,PartOf,RelatedTo,UsedFor
[ConceptNet] cache hit: en:glass bottle:CapableOf,HasProperty,IsA,MannerOf,UsedFor
[ConceptNet] cache hit: en:cardboard box:CapableOf,HasProperty,IsA,MadeOf,PartOf,RelatedTo,UsedFor
[ConceptNet] cache hit: en:cardboard box:CapableOf,HasProperty,IsA,MannerOf,UsedFor
[ConceptNet] cache hit: en:glass jar:CapableOf,HasProperty,IsA,MadeOf,PartOf,RelatedTo,UsedFor
[ConceptNet] cache hit: en:glass jar:CapableOf,HasProperty,IsA,MannerOf,UsedFor
[ConceptNet] cache hit: en:plastic bin:CapableOf,HasProperty,IsA,MadeOf,PartOf,RelatedTo,UsedFor
[ConceptNet] cache hit: en:plastic bin:CapableOf,HasProperty,IsA,MannerOf,UsedFor
[ConceptNet] cache hit: en:glass bin:CapableOf,HasProperty,IsA,MadeOf,PartOf,RelatedTo,UsedFor
[ConceptNet] cache hit: en:glass bin:CapableOf,HasProperty,IsA,MannerOf,UsedFor
[ConceptNet] cache hit: en:paper bin:CapableOf,HasProperty,IsA,MadeOf,PartOf,RelatedTo,UsedFor
[ConceptNet] cache hit: en:paper bin:CapableOf,HasProperty,IsA,MannerOf,UsedFor
[ConceptNet] cache hit: en:mixed bin:CapableOf,HasProperty,IsA,MadeOf,PartOf,RelatedTo,UsedFor
[ConceptNet] cache hit: en:mixed bin:CapableOf,HasProperty,IsA,MannerOf,UsedFor
[ConceptNet] cache hit: en:objects:CapableOf,HasProperty,IsA,MannerOf,UsedFor
[ConceptNet] cache hit: en:baskets:CapableOf,HasProperty,IsA,MannerOf,UsedFor
[precompute] category=materials id=ma_02
[ConceptNet] cache hit: en:plastic bottle:CapableOf,HasProperty,IsA,MadeOf,PartOf,RelatedTo,UsedFor
[ConceptNet] cache hit: en:plastic bottle:CapableOf,HasProperty,IsA,MannerOf,UsedFor
[ConceptNet] cache hit: en:journal:CapableOf,HasProperty,IsA,MadeOf,PartOf,RelatedTo,UsedFor
[ConceptNet] cache hit: en:journal:CapableOf,HasProperty,IsA,MannerOf,UsedFor
[ConceptNet] cache hit: en:brochures:CapableOf,HasProperty,IsA,MadeOf,PartOf,RelatedTo,UsedFor
[ConceptNet] cache hit: en:brochures:CapableOf,HasProperty,IsA,MannerOf,UsedFor
[ConceptNet] cache hit: en:glass bottle:CapableOf,HasProperty,IsA,MadeOf,PartOf,RelatedTo,UsedFor
[ConceptNet] cache hit: en:glass bottle:CapableOf,HasProperty,IsA,MannerOf,UsedFor
[ConceptNet] cache hit: en:paper cup:CapableOf,HasProperty,IsA,MadeOf,PartOf,RelatedTo,UsedFor
[ConceptNet] cache hit: en:paper cup:CapableOf,HasProperty,IsA,MannerOf,UsedFor
[ConceptNet] cache hit: en:plastic bin:CapableOf,HasProperty,IsA,MadeOf,PartOf,RelatedTo,UsedFor
[ConceptNet] cache hit: en:plastic bin:CapableOf,HasProperty,IsA,MannerOf,UsedFor
[ConceptNet] cache hit: en:glass bin:CapableOf,HasProperty,IsA,MadeOf,PartOf,RelatedTo,UsedFor
[ConceptNet] cache hit: en:glass bin:CapableOf,HasProperty,IsA,MannerOf,UsedFor
[ConceptNet] cache hit: en:paper bin:CapableOf,HasProperty,IsA,MadeOf,PartOf,RelatedTo,UsedFor
[ConceptNet] cache hit: en:paper bin:CapableOf,HasProperty,IsA,MannerOf,UsedFor
[ConceptNet] cache hit: en:mixed bin:CapableOf,HasProperty,IsA,MadeOf,PartOf,RelatedTo,UsedFor
[ConceptNet] cache hit: en:mixed bin:CapableOf,HasProperty,IsA,MannerOf,UsedFor
[ConceptNet] cache hit: en:objects:CapableOf,HasProperty,IsA,MannerOf,UsedFor
[ConceptNet] cache hit: en:baskets:CapableOf,HasProperty,IsA,MannerOf,UsedFor
[precompute] category=materials id=ma_03
[ConceptNet] cache hit: en:tetrapak:CapableOf,HasProperty,IsA,MadeOf,PartOf,RelatedTo,UsedFor
[ConceptNet] cache hit: en:tetrapak:CapableOf,HasProperty,IsA,MannerOf,UsedFor
[ConceptNet] cache hit: en:journal:CapableOf,HasProperty,IsA,MadeOf,PartOf,RelatedTo,UsedFor
[ConceptNet] cache hit: en:journal:CapableOf,HasProperty,IsA,MannerOf,UsedFor
[ConceptNet] cache hit: en:coke can:CapableOf,HasProperty,IsA,MadeOf,PartOf,RelatedTo,UsedFor
[ConceptNet] cache hit: en:coke can:CapableOf,HasProperty,IsA,MannerOf,UsedFor
[ConceptNet] cache hit: en:glass:CapableOf,HasProperty,IsA,MadeOf,PartOf,RelatedTo,UsedFor
[ConceptNet] cache hit: en:glass:CapableOf,HasProperty,IsA,MannerOf,UsedFor
[ConceptNet] cache hit: en:cheese paper:CapableOf,HasProperty,IsA,MadeOf,PartOf,RelatedTo,UsedFor
[ConceptNet] cache hit: en:cheese paper:CapableOf,HasProperty,IsA,MannerOf,UsedFor
[ConceptNet] cache hit: en:plastic bin:CapableOf,HasProperty,IsA,MadeOf,PartOf,RelatedTo,UsedFor
[ConceptNet] cache hit: en:plastic bin:CapableOf,HasProperty,IsA,MannerOf,UsedFor
[ConceptNet] cache hit: en:glass bin:CapableOf,HasProperty,IsA,MadeOf,PartOf,RelatedTo,UsedFor
[ConceptNet] cache hit: en:glass bin:CapableOf,HasProperty,IsA,MannerOf,UsedFor
[ConceptNet] cache hit: en:paper bin:CapableOf,HasProperty,IsA,MadeOf,PartOf,RelatedTo,UsedFor
[ConceptNet] cache hit: en:paper bin:CapableOf,HasProperty,IsA,MannerOf,UsedFor
[ConceptNet] cache hit: en:mixed bin:CapableOf,HasProperty,IsA,MadeOf,PartOf,RelatedTo,UsedFor
[ConceptNet] cache hit: en:mixed bin:CapableOf,HasProperty,IsA,MannerOf,UsedFor
[ConceptNet] cache hit: en:paper:CapableOf,HasProperty,IsA,MannerOf,UsedFor
[ConceptNet] cache hit: en:bin:CapableOf,HasProperty,IsA,MannerOf,UsedFor
[precompute] category=materials id=ma_04
[ConceptNet] cache hit: en:plastic bottle:CapableOf,HasProperty,IsA,MadeOf,PartOf,RelatedTo,UsedFor
[ConceptNet] cache hit: en:plastic bottle:CapableOf,HasProperty,IsA,MannerOf,UsedFor
[ConceptNet] cache hit: en:comic:CapableOf,HasProperty,IsA,MadeOf,PartOf,RelatedTo,UsedFor
[ConceptNet] cache hit: en:comic:CapableOf,HasProperty,IsA,MannerOf,UsedFor
[ConceptNet] cache hit: en:aluminum can:CapableOf,HasProperty,IsA,MadeOf,PartOf,RelatedTo,UsedFor
[ConceptNet] cache hit: en:aluminum can:CapableOf,HasProperty,IsA,MannerOf,UsedFor
[ConceptNet] cache hit: en:glass bottle:CapableOf,HasProperty,IsA,MadeOf,PartOf,RelatedTo,UsedFor
[ConceptNet] cache hit: en:glass bottle:CapableOf,HasProperty,IsA,MannerOf,UsedFor
[ConceptNet] cache hit: en:paper clip:CapableOf,HasProperty,IsA,MadeOf,PartOf,RelatedTo,UsedFor
[ConceptNet] cache hit: en:paper clip:CapableOf,HasProperty,IsA,MannerOf,UsedFor
[ConceptNet] cache hit: en:plastic bin:CapableOf,HasProperty,IsA,MadeOf,PartOf,RelatedTo,UsedFor
[ConceptNet] cache hit: en:plastic bin:CapableOf,HasProperty,IsA,MannerOf,UsedFor
[ConceptNet] cache hit: en:glass bin:CapableOf,HasProperty,IsA,MadeOf,PartOf,RelatedTo,UsedFor
[ConceptNet] cache hit: en:glass bin:CapableOf,HasProperty,IsA,MannerOf,UsedFor
[ConceptNet] cache hit: en:paper bin:CapableOf,HasProperty,IsA,MadeOf,PartOf,RelatedTo,UsedFor
[ConceptNet] cache hit: en:paper bin:CapableOf,HasProperty,IsA,MannerOf,UsedFor
[ConceptNet] cache hit: en:mixed bin:CapableOf,HasProperty,IsA,MadeOf,PartOf,RelatedTo,UsedFor
[ConceptNet] cache hit: en:mixed bin:CapableOf,HasProperty,IsA,MannerOf,UsedFor
[ConceptNet] cache hit: en:paper:CapableOf,HasProperty,IsA,MannerOf,UsedFor
[ConceptNet] cache hit: en:bin:CapableOf,HasProperty,IsA,MannerOf,UsedFor
[precompute] category=materials id=ma_05
[ConceptNet] cache hit: en:fruit net:CapableOf,HasProperty,IsA,MadeOf,PartOf,RelatedTo,UsedFor
[ConceptNet] cache hit: en:fruit net:CapableOf,HasProperty,IsA,MannerOf,UsedFor
[ConceptNet] cache hit: en:beverage carton:CapableOf,HasProperty,IsA,MadeOf,PartOf,RelatedTo,UsedFor
[ConceptNet] cache hit: en:beverage carton:CapableOf,HasProperty,IsA,MannerOf,UsedFor
[ConceptNet] cache hit: en:coke can:CapableOf,HasProperty,IsA,MadeOf,PartOf,RelatedTo,UsedFor
[ConceptNet] cache hit: en:coke can:CapableOf,HasProperty,IsA,MannerOf,UsedFor
[ConceptNet] cache hit: en:glass jar:CapableOf,HasProperty,IsA,MadeOf,PartOf,RelatedTo,UsedFor
[ConceptNet] cache hit: en:glass jar:CapableOf,HasProperty,IsA,MannerOf,UsedFor
[ConceptNet] cache hit: en:transfer paper:CapableOf,HasProperty,IsA,MadeOf,PartOf,RelatedTo,UsedFor
[ConceptNet] cache hit: en:transfer paper:CapableOf,HasProperty,IsA,MannerOf,UsedFor
[ConceptNet] cache hit: en:plastic bin:CapableOf,HasProperty,IsA,MadeOf,PartOf,RelatedTo,UsedFor
[ConceptNet] cache hit: en:plastic bin:CapableOf,HasProperty,IsA,MannerOf,UsedFor
[ConceptNet] cache hit: en:glass bin:CapableOf,HasProperty,IsA,MadeOf,PartOf,RelatedTo,UsedFor
[ConceptNet] cache hit: en:glass bin:CapableOf,HasProperty,IsA,MannerOf,UsedFor
[ConceptNet] cache hit: en:paper bin:CapableOf,HasProperty,IsA,MadeOf,PartOf,RelatedTo,UsedFor
[ConceptNet] cache hit: en:paper bin:CapableOf,HasProperty,IsA,MannerOf,UsedFor
[ConceptNet] cache hit: en:mixed bin:CapableOf,HasProperty,IsA,MadeOf,PartOf,RelatedTo,UsedFor
[ConceptNet] cache hit: en:mixed bin:CapableOf,HasProperty,IsA,MannerOf,UsedFor
[ConceptNet] cache hit: en:paper:CapableOf,HasProperty,IsA,MannerOf,UsedFor
[ConceptNet] cache hit: en:bin:CapableOf,HasProperty,IsA,MannerOf,UsedFor
[precompute] category=materials id=ma_06
[ConceptNet] cache hit: en:plastic bottle:CapableOf,HasProperty,IsA,MadeOf,PartOf,RelatedTo,UsedFor
[ConceptNet] cache hit: en:plastic bottle:CapableOf,HasProperty,IsA,MannerOf,UsedFor
[ConceptNet] cache hit: en:cardboard:CapableOf,HasProperty,IsA,MadeOf,PartOf,RelatedTo,UsedFor
[ConceptNet] cache hit: en:cardboard:CapableOf,HasProperty,IsA,MannerOf,UsedFor
[ConceptNet] cache hit: en:can:CapableOf,HasProperty,IsA,MadeOf,PartOf,RelatedTo,UsedFor
[ConceptNet] cache hit: en:can:CapableOf,HasProperty,IsA,MannerOf,UsedFor
[ConceptNet] cache hit: en:glass bottle:CapableOf,HasProperty,IsA,MadeOf,PartOf,RelatedTo,UsedFor
[ConceptNet] cache hit: en:glass bottle:CapableOf,HasProperty,IsA,MannerOf,UsedFor
[ConceptNet] cache hit: en:candle:CapableOf,HasProperty,IsA,MadeOf,PartOf,RelatedTo,UsedFor
[ConceptNet] cache hit: en:candle:CapableOf,HasProperty,IsA,MannerOf,UsedFor
[ConceptNet] cache hit: en:plastic bin:CapableOf,HasProperty,IsA,MadeOf,PartOf,RelatedTo,UsedFor
[ConceptNet] cache hit: en:plastic bin:CapableOf,HasProperty,IsA,MannerOf,UsedFor
[ConceptNet] cache hit: en:glass bin:CapableOf,HasProperty,IsA,MadeOf,PartOf,RelatedTo,UsedFor
[ConceptNet] cache hit: en:glass bin:CapableOf,HasProperty,IsA,MannerOf,UsedFor
[ConceptNet] cache hit: en:paper bin:CapableOf,HasProperty,IsA,MadeOf,PartOf,RelatedTo,UsedFor
[ConceptNet] cache hit: en:paper bin:CapableOf,HasProperty,IsA,MannerOf,UsedFor
[ConceptNet] cache hit: en:wax bin:CapableOf,HasProperty,IsA,MadeOf,PartOf,RelatedTo,UsedFor
[ConceptNet] cache hit: en:wax bin:CapableOf,HasProperty,IsA,MannerOf,UsedFor
[ConceptNet] cache hit: en:wax:CapableOf,HasProperty,IsA,MannerOf,UsedFor
[ConceptNet] cache hit: en:bin:CapableOf,HasProperty,IsA,MannerOf,UsedFor
[precompute] category=materials id=ma_07
[ConceptNet] cache hit: en:plastic bottle:CapableOf,HasProperty,IsA,MadeOf,PartOf,RelatedTo,UsedFor
[ConceptNet] cache hit: en:plastic bottle:CapableOf,HasProperty,IsA,MannerOf,UsedFor
[ConceptNet] cache hit: en:journal:CapableOf,HasProperty,IsA,MadeOf,PartOf,RelatedTo,UsedFor
[ConceptNet] cache hit: en:journal:CapableOf,HasProperty,IsA,MannerOf,UsedFor
[ConceptNet] cache hit: en:candle:CapableOf,HasProperty,IsA,MadeOf,PartOf,RelatedTo,UsedFor
[ConceptNet] cache hit: en:candle:CapableOf,HasProperty,IsA,MannerOf,UsedFor
[ConceptNet] cache hit: en:glass:CapableOf,HasProperty,IsA,MadeOf,PartOf,RelatedTo,UsedFor
[ConceptNet] cache hit: en:glass:CapableOf,HasProperty,IsA,MannerOf,UsedFor
[ConceptNet] cache hit: en:colored pencil:CapableOf,HasProperty,IsA,MadeOf,PartOf,RelatedTo,UsedFor
[ConceptNet] cache hit: en:colored pencil:CapableOf,HasProperty,IsA,MannerOf,UsedFor
[ConceptNet] cache hit: en:plastic bin:CapableOf,HasProperty,IsA,MadeOf,PartOf,RelatedTo,UsedFor
[ConceptNet] cache hit: en:plastic bin:CapableOf,HasProperty,IsA,MannerOf,UsedFor
[ConceptNet] cache hit: en:glass bin:CapableOf,HasProperty,IsA,MadeOf,PartOf,RelatedTo,UsedFor
[ConceptNet] cache hit: en:glass bin:CapableOf,HasProperty,IsA,MannerOf,UsedFor
[ConceptNet] cache hit: en:paper bin:CapableOf,HasProperty,IsA,MadeOf,PartOf,RelatedTo,UsedFor
[ConceptNet] cache hit: en:paper bin:CapableOf,HasProperty,IsA,MannerOf,UsedFor
[ConceptNet] cache hit: en:wax bin:CapableOf,HasProperty,IsA,MadeOf,PartOf,RelatedTo,UsedFor
[ConceptNet] cache hit: en:wax bin:CapableOf,HasProperty,IsA,MannerOf,UsedFor
[ConceptNet] cache hit: en:wax:CapableOf,HasProperty,IsA,MannerOf,UsedFor
[ConceptNet] cache hit: en:bin:CapableOf,HasProperty,IsA,MannerOf,UsedFor
Precompute completed
Items processed: 7
embedding_cache: cache/embedding_cache.json
keyword_cache: cache/keyword_cache.json
similarity_cache: cache/similarity_cache.json
[progress] theta=0.65 category=materials id=ma_01 trial=1/1
[progress] theta=0.65 category=materials id=ma_02 trial=1/1
[progress] theta=0.65 category=materials id=ma_03 trial=1/1
[progress] theta=0.65 category=materials id=ma_04 trial=1/1
[progress] theta=0.65 category=materials id=ma_05 trial=1/1
[progress] theta=0.65 category=materials id=ma_06 trial=1/1
[progress] theta=0.65 category=materials id=ma_07 trial=1/1
[progress] theta=0.7 category=materials id=ma_01 trial=1/1
[progress] theta=0.7 category=materials id=ma_02 trial=1/1
[progress] theta=0.7 category=materials id=ma_03 trial=1/1
[progress] theta=0.7 category=materials id=ma_04 trial=1/1
[progress] theta=0.7 category=materials id=ma_05 trial=1/1
[progress] theta=0.7 category=materials id=ma_06 trial=1/1
[progress] theta=0.7 category=materials id=ma_07 trial=1/1
[progress] theta=0.75 category=materials id=ma_01 trial=1/1
[progress] theta=0.75 category=materials id=ma_02 trial=1/1
[progress] theta=0.75 category=materials id=ma_03 trial=1/1
[progress] theta=0.75 category=materials id=ma_04 trial=1/1
[progress] theta=0.75 category=materials id=ma_05 trial=1/1
[progress] theta=0.75 category=materials id=ma_06 trial=1/1
[progress] theta=0.75 category=materials id=ma_07 trial=1/1
[progress] theta=0.8 category=materials id=ma_01 trial=1/1
[progress] theta=0.8 category=materials id=ma_02 trial=1/1
[progress] theta=0.8 category=materials id=ma_03 trial=1/1
[progress] theta=0.8 category=materials id=ma_04 trial=1/1
[progress] theta=0.8 category=materials id=ma_05 trial=1/1
[progress] theta=0.8 category=materials id=ma_06 trial=1/1
[progress] theta=0.8 category=materials id=ma_07 trial=1/1
[progress] theta=0.85 category=materials id=ma_01 trial=1/1
[progress] theta=0.85 category=materials id=ma_02 trial=1/1
[progress] theta=0.85 category=materials id=ma_03 trial=1/1
[progress] theta=0.85 category=materials id=ma_04 trial=1/1
[progress] theta=0.85 category=materials id=ma_05 trial=1/1
[progress] theta=0.85 category=materials id=ma_06 trial=1/1
[progress] theta=0.85 category=materials id=ma_07 trial=1/1
Saved plot to scripts/experiments/theta/results/threshold_sweep_materials.png
Best theta: 0.65
Overall success rate: 0.2857142857142857
Trade-off: higher theta keeps fewer relations (lower avg relations per object/keyword), which can reduce noise but may hurt recall; lower theta keeps more relations, which can improve recall but may add noise.
